Release 14.7 - xst P.20131013 (nt64)
Copyright (c) 1995-2013 Xilinx, Inc.  All rights reserved.
--> Parameter TMPDIR set to xst/projnav.tmp


Total REAL time to Xst completion: 0.00 secs
Total CPU time to Xst completion: 0.41 secs
 
--> Parameter xsthdpdir set to xst


Total REAL time to Xst completion: 0.00 secs
Total CPU time to Xst completion: 0.41 secs
 
--> Reading design: ControlUnit.prj

TABLE OF CONTENTS
  1) Synthesis Options Summary
  2) HDL Parsing
  3) HDL Elaboration
  4) HDL Synthesis
       4.1) HDL Synthesis Report
  5) Advanced HDL Synthesis
       5.1) Advanced HDL Synthesis Report
  6) Low Level Synthesis
  7) Partition Report
  8) Design Summary
       8.1) Primitive and Black Box Usage
       8.2) Device utilization summary
       8.3) Partition Resource Summary
       8.4) Timing Report
            8.4.1) Clock Information
            8.4.2) Asynchronous Control Signals Information
            8.4.3) Timing Summary
            8.4.4) Timing Details
            8.4.5) Cross Clock Domains Report


=========================================================================
*                      Synthesis Options Summary                        *
=========================================================================
---- Source Parameters
Input File Name                    : "ControlUnit.prj"
Ignore Synthesis Constraint File   : NO

---- Target Parameters
Output File Name                   : "ControlUnit"
Output Format                      : NGC
Target Device                      : xc6slx4-3-tqg144

---- Source Options
Top Module Name                    : ControlUnit
Automatic FSM Extraction           : YES
FSM Encoding Algorithm             : Auto
Safe Implementation                : No
FSM Style                          : LUT
RAM Extraction                     : Yes
RAM Style                          : Auto
ROM Extraction                     : Yes
Shift Register Extraction          : YES
ROM Style                          : Auto
Resource Sharing                   : YES
Asynchronous To Synchronous        : NO
Shift Register Minimum Size        : 2
Use DSP Block                      : Auto
Automatic Register Balancing       : No

---- Target Options
LUT Combining                      : Auto
Reduce Control Sets                : Auto
Add IO Buffers                     : YES
Global Maximum Fanout              : 100000
Add Generic Clock Buffer(BUFG)     : 16
Register Duplication               : YES
Optimize Instantiated Primitives   : NO
Use Clock Enable                   : Auto
Use Synchronous Set                : Auto
Use Synchronous Reset              : Auto
Pack IO Registers into IOBs        : Auto
Equivalent register Removal        : YES

---- General Options
Optimization Goal                  : Speed
Optimization Effort                : 1
Power Reduction                    : NO
Keep Hierarchy                     : No
Netlist Hierarchy                  : As_Optimized
RTL Output                         : Yes
Global Optimization                : AllClockNets
Read Cores                         : YES
Write Timing Constraints           : NO
Cross Clock Analysis               : NO
Hierarchy Separator                : /
Bus Delimiter                      : <>
Case Specifier                     : Maintain
Slice Utilization Ratio            : 100
BRAM Utilization Ratio             : 100
DSP48 Utilization Ratio            : 100
Auto BRAM Packing                  : NO
Slice Utilization Ratio Delta      : 5

=========================================================================


=========================================================================
*                          HDL Parsing                                  *
=========================================================================
Analyzing Verilog file "C:\Users\f\Desktop\rojina\madar Manteghi\Smart Home Management System\Module07\PassCheckUnit.v" into library work
Parsing module <PassCheckUnit>.
Analyzing Verilog file "C:\Users\f\Desktop\rojina\madar Manteghi\Smart Home Management System\Module07\ControlUnit.v" into library work
Parsing module <ControlUnit>.

=========================================================================
*                            HDL Elaboration                            *
=========================================================================

Elaborating module <ControlUnit>.

Elaborating module <PassCheckUnit>.

=========================================================================
*                           HDL Synthesis                               *
=========================================================================

Synthesizing Unit <ControlUnit>.
    Related source file is "C:\Users\f\Desktop\rojina\madar Manteghi\Smart Home Management System\Module07\ControlUnit.v".
    Found 1-bit register for signal <pre_state<2>>.
    Found 1-bit register for signal <pre_state<1>>.
    Found 1-bit register for signal <pre_state<0>>.
    Summary:
	inferred   3 D-type flip-flop(s).
	inferred   6 Multiplexer(s).
Unit <ControlUnit> synthesized.

Synthesizing Unit <PassCheckUnit>.
    Related source file is "C:\Users\f\Desktop\rojina\madar Manteghi\Smart Home Management System\Module07\PassCheckUnit.v".
    Found 2-bit comparator equal for signal <equal> created at line 30
    Summary:
	inferred   1 Comparator(s).
Unit <PassCheckUnit> synthesized.

=========================================================================
HDL Synthesis Report

Macro Statistics
# Registers                                            : 3
 1-bit register                                        : 3
# Comparators                                          : 1
 2-bit comparator equal                                : 1
# Multiplexers                                         : 6
 3-bit 2-to-1 multiplexer                              : 6

=========================================================================

=========================================================================
*                       Advanced HDL Synthesis                          *
=========================================================================


=========================================================================
Advanced HDL Synthesis Report

Macro Statistics
# Registers                                            : 3
 Flip-Flops                                            : 3
# Comparators                                          : 1
 2-bit comparator equal                                : 1
# Multiplexers                                         : 6
 3-bit 2-to-1 multiplexer                              : 6

=========================================================================

=========================================================================
*                         Low Level Synthesis                           *
=========================================================================

Optimizing unit <ControlUnit> ...

Mapping all equations...
Building and optimizing final netlist ...
Found area constraint ratio of 100 (+ 5) on block ControlUnit, actual ratio is 0.

Final Macro Processing ...

=========================================================================
Final Register Report

Macro Statistics
# Registers                                            : 3
 Flip-Flops                                            : 3

=========================================================================

=========================================================================
*                           Partition Report                            *
=========================================================================

Partition Implementation Status
-------------------------------

  No Partitions were found in this design.

-------------------------------

=========================================================================
*                            Design Summary                             *
=========================================================================

Top Level Output File Name         : ControlUnit.ngc

Primitive and Black Box Usage:
------------------------------
# BELS                             : 8
#      LUT2                        : 2
#      LUT3                        : 1
#      LUT4                        : 1
#      LUT6                        : 4
# FlipFlops/Latches                : 3
#      FDC                         : 2
#      FDP                         : 1
# Clock Buffers                    : 1
#      BUFGP                       : 1
# IO Buffers                       : 81
#      IBUF                        : 42
#      OBUF                        : 39

Device utilization summary:
---------------------------

Selected Device : 6slx4tqg144-3 


Slice Logic Utilization: 
 Number of Slice Registers:               3  out of   4800     0%  
 Number of Slice LUTs:                    8  out of   2400     0%  
    Number used as Logic:                 8  out of   2400     0%  

Slice Logic Distribution: 
 Number of LUT Flip Flop pairs used:     11
   Number with an unused Flip Flop:       8  out of     11    72%  
   Number with an unused LUT:             3  out of     11    27%  
   Number of fully used LUT-FF pairs:     0  out of     11     0%  
   Number of unique control sets:         1

IO Utilization: 
 Number of IOs:                          82
 Number of bonded IOBs:                  82  out of    102    80%  

Specific Feature Utilization:
 Number of BUFG/BUFGCTRLs:                1  out of     16     6%  

---------------------------
Partition Resource Summary:
---------------------------

  No Partitions were found in this design.

---------------------------


=========================================================================
Timing Report

NOTE: THESE TIMING NUMBERS ARE ONLY A SYNTHESIS ESTIMATE.
      FOR ACCURATE TIMING INFORMATION PLEASE REFER TO THE TRACE REPORT
      GENERATED AFTER PLACE-and-ROUTE.

Clock Information:
------------------
-----------------------------------+------------------------+-------+
Clock Signal                       | Clock buffer(FF name)  | Load  |
-----------------------------------+------------------------+-------+
clk                                | BUFGP                  | 3     |
-----------------------------------+------------------------+-------+

Asynchronous Control Signals Information:
----------------------------------------
No asynchronous control signals found in this design

Timing Summary:
---------------
Speed Grade: -3

   Minimum period: 1.697ns (Maximum Frequency: 589.275MHz)
   Minimum input arrival time before clock: 3.655ns
   Maximum output required time after clock: 4.745ns
   Maximum combinational path delay: 4.372ns

Timing Details:
---------------
All values displayed in nanoseconds (ns)

=========================================================================
Timing constraint: Default period analysis for Clock 'clk'
  Clock period: 1.697ns (frequency: 589.275MHz)
  Total number of paths / destination ports: 9 / 3
-------------------------------------------------------------------------
Delay:               1.697ns (Levels of Logic = 1)
  Source:            pre_state_0 (FF)
  Destination:       pre_state_1 (FF)
  Source Clock:      clk rising
  Destination Clock: clk rising

  Data Path: pre_state_0 to pre_state_1
                                Gate     Net
    Cell:in->out      fanout   Delay   Delay  Logical Name (Net Name)
    ----------------------------------------  ------------
     FDP:C->Q              5   0.447   0.943  pre_state_0 (pre_state_0)
     LUT6:I3->O            1   0.205   0.000  Mmux_next_state33 (next_state<2>)
     FDC:D                     0.102          pre_state_2
    ----------------------------------------
    Total                      1.697ns (0.754ns logic, 0.943ns route)
                                       (44.4% logic, 55.6% route)

=========================================================================
Timing constraint: Default OFFSET IN BEFORE for Clock 'clk'
  Total number of paths / destination ports: 25 / 6
-------------------------------------------------------------------------
Offset:              3.655ns (Levels of Logic = 3)
  Source:            password<0> (PAD)
  Destination:       pre_state_1 (FF)
  Destination Clock: clk rising

  Data Path: password<0> to pre_state_1
                                Gate     Net
    Cell:in->out      fanout   Delay   Delay  Logical Name (Net Name)
    ----------------------------------------  ------------
     IBUF:I->O             2   1.222   0.981  password_0_IBUF (password_0_IBUF)
     LUT6:I0->O            1   0.203   0.944  Mmux_next_state2_SW0_SW1 (N5)
     LUT6:I0->O            1   0.203   0.000  Mmux_next_state2 (next_state<1>)
     FDC:D                     0.102          pre_state_1
    ----------------------------------------
    Total                      3.655ns (1.730ns logic, 1.925ns route)
                                       (47.3% logic, 52.7% route)

=========================================================================
Timing constraint: Default OFFSET OUT AFTER for Clock 'clk'
  Total number of paths / destination ports: 6 / 4
-------------------------------------------------------------------------
Offset:              4.745ns (Levels of Logic = 2)
  Source:            pre_state_2 (FF)
  Destination:       write_en (PAD)
  Source Clock:      clk rising

  Data Path: pre_state_2 to write_en
                                Gate     Net
    Cell:in->out      fanout   Delay   Delay  Logical Name (Net Name)
    ----------------------------------------  ------------
     FDC:C->Q              5   0.447   0.943  pre_state_2 (pre_state_2)
     LUT3:I0->O            1   0.205   0.579  write_en<2>1 (write_en_OBUF)
     OBUF:I->O                 2.571          write_en_OBUF (write_en)
    ----------------------------------------
    Total                      4.745ns (3.223ns logic, 1.522ns route)
                                       (67.9% logic, 32.1% route)

=========================================================================
Timing constraint: Default path analysis
  Total number of paths / destination ports: 35 / 35
-------------------------------------------------------------------------
Delay:               4.372ns (Levels of Logic = 2)
  Source:            configin<34> (PAD)
  Destination:       configout<34> (PAD)

  Data Path: configin<34> to configout<34>
                                Gate     Net
    Cell:in->out      fanout   Delay   Delay  Logical Name (Net Name)
    ----------------------------------------  ------------
     IBUF:I->O             1   1.222   0.579  configin_34_IBUF (configout_34_OBUF)
     OBUF:I->O                 2.571          configout_34_OBUF (configout<34>)
    ----------------------------------------
    Total                      4.372ns (3.793ns logic, 0.579ns route)
                                       (86.8% logic, 13.2% route)

=========================================================================

Cross Clock Domains Report:
--------------------------

Clock to Setup on destination clock clk
---------------+---------+---------+---------+---------+
               | Src:Rise| Src:Fall| Src:Rise| Src:Fall|
Source Clock   |Dest:Rise|Dest:Rise|Dest:Fall|Dest:Fall|
---------------+---------+---------+---------+---------+
clk            |    1.697|         |         |         |
---------------+---------+---------+---------+---------+

=========================================================================


Total REAL time to Xst completion: 12.00 secs
Total CPU time to Xst completion: 11.91 secs
 
--> 

Total memory usage is 4485720 kilobytes

Number of errors   :    0 (   0 filtered)
Number of warnings :    0 (   0 filtered)
Number of infos    :    0 (   0 filtered)

