Release 14.7 Map P.20131013 (nt64)
Xilinx Map Application Log File for Design 'MemoryUnit'

Design Information
------------------
Command Line   : map -intstyle ise -p xc6slx4-tqg144-3 -w -logic_opt off -ol
high -t 1 -xt 0 -register_duplication off -r 4 -global_opt off -mt off -ir off
-pr off -lc off -power off -o MemoryUnit_map.ncd MemoryUnit.ngd MemoryUnit.pcf 
Target Device  : xc6slx4
Target Package : tqg144
Target Speed   : -3
Mapper Version : spartan6 -- $Revision: 1.55 $
Mapped Date    : Thu Jan 28 00:19:13 2021

Mapping design into LUTs...
Running directed packing...
Running delay-based LUT packing...
Updating timing models...
INFO:Map:215 - The Interim Design Summary has been generated in the MAP Report
   (.mrp).
Running timing-driven placement...
Total REAL time at the beginning of Placer: 6 secs 
Total CPU  time at the beginning of Placer: 6 secs 

Phase 1.1  Initial Placement Analysis
Phase 1.1  Initial Placement Analysis (Checksum:1703) REAL time: 6 secs 

Phase 2.7  Design Feasibility Check
Phase 2.7  Design Feasibility Check (Checksum:1703) REAL time: 6 secs 

Phase 3.31  Local Placement Optimization
Phase 3.31  Local Placement Optimization (Checksum:1703) REAL time: 6 secs 

Phase 4.2  Initial Placement for Architecture Specific Features
...
....
Phase 4.2  Initial Placement for Architecture Specific Features
(Checksum:4bfb6b71) REAL time: 12 secs 

Phase 5.36  Local Placement Optimization
Phase 5.36  Local Placement Optimization (Checksum:4bfb6b71) REAL time: 12 secs 

Phase 6.30  Global Clock Region Assignment
Phase 6.30  Global Clock Region Assignment (Checksum:4bfb6b71) REAL time: 12 secs 

Phase 7.3  Local Placement Optimization
...
....
Phase 7.3  Local Placement Optimization (Checksum:241768ce) REAL time: 18 secs 

Phase 8.5  Local Placement Optimization
Phase 8.5  Local Placement Optimization (Checksum:241768ce) REAL time: 18 secs 

Phase 9.8  Global Placement
Phase 9.8  Global Placement (Checksum:241768ce) REAL time: 18 secs 

Phase 10.5  Local Placement Optimization
Phase 10.5  Local Placement Optimization (Checksum:241768ce) REAL time: 18 secs 

Phase 11.18  Placement Optimization
Phase 11.18  Placement Optimization (Checksum:b4ca3c2c) REAL time: 19 secs 

Phase 12.5  Local Placement Optimization
Phase 12.5  Local Placement Optimization (Checksum:b4ca3c2c) REAL time: 19 secs 

Phase 13.34  Placement Validation
Phase 13.34  Placement Validation (Checksum:b4ca3c2c) REAL time: 19 secs 

Total REAL time to Placer completion: 19 secs 
Total CPU  time to Placer completion: 18 secs 
Running post-placement packing...
Writing output files...

Design Summary
--------------

Design Summary:
Number of errors:      0
Number of warnings:    0
Slice Logic Utilization:
  Number of Slice Registers:                     0 out of   4,800    0%
  Number of Slice LUTs:                          0 out of   2,400    0%

Slice Logic Distribution:
  Number of occupied Slices:                     0 out of     600    0%
  Number of MUXCYs used:                         0 out of   1,200    0%
  Number of LUT Flip Flop pairs used:            0

IO Utilization:
  Number of bonded IOBs:                        73 out of     102   71%
    IOB Flip Flops:                             35

Specific Feature Utilization:
  Number of RAMB16BWERs:                         0 out of      12    0%
  Number of RAMB8BWERs:                          0 out of      24    0%
  Number of BUFIO2/BUFIO2_2CLKs:                 0 out of      32    0%
  Number of BUFIO2FB/BUFIO2FB_2CLKs:             0 out of      32    0%
  Number of BUFG/BUFGMUXs:                       1 out of      16    6%
    Number used as BUFGs:                        1
    Number used as BUFGMUX:                      0
  Number of DCM/DCM_CLKGENs:                     0 out of       4    0%
  Number of ILOGIC2/ISERDES2s:                  33 out of     200   16%
    Number used as ILOGIC2s:                    33
    Number used as ISERDES2s:                    0
  Number of IODELAY2/IODRP2/IODRP2_MCBs:         0 out of     200    0%
  Number of OLOGIC2/OSERDES2s:                   2 out of     200    1%
    Number used as OLOGIC2s:                     2
    Number used as OSERDES2s:                    0
  Number of BSCANs:                              0 out of       4    0%
  Number of BUFHs:                               0 out of     128    0%
  Number of BUFPLLs:                             0 out of       8    0%
  Number of BUFPLL_MCBs:                         0 out of       4    0%
  Number of DSP48A1s:                            0 out of       8    0%
  Number of ICAPs:                               0 out of       1    0%
  Number of PCILOGICSEs:                         0 out of       2    0%
  Number of PLL_ADVs:                            0 out of       2    0%
  Number of PMVs:                                0 out of       1    0%
  Number of STARTUPs:                            0 out of       1    0%
  Number of SUSPEND_SYNCs:                       0 out of       1    0%

Average Fanout of Non-Clock Nets:                1.45

Peak Memory Usage:  465 MB
Total REAL time to MAP completion:  19 secs 
Total CPU time to MAP completion:   18 secs 

Mapping completed.
See MAP report file "MemoryUnit_map.mrp" for details.
