--------------------------------------------------------------------------------
Release 14.7 Trace  (nt64)
Copyright (c) 1995-2013 Xilinx, Inc.  All rights reserved.

C:\Xilinx\14.7\ISE_DS\ISE\bin\nt64\unwrapped\trce.exe -intstyle ise -v 3 -s 3
-n 3 -fastpaths -xml TemperatureCalculator.twx TemperatureCalculator.ncd -o
TemperatureCalculator.twr TemperatureCalculator.pcf

Design file:              TemperatureCalculator.ncd
Physical constraint file: TemperatureCalculator.pcf
Device,package,speed:     xc6slx4,tqg144,C,-3 (PRODUCTION 1.23 2013-10-13)
Report level:             verbose report

Environment Variable      Effect 
--------------------      ------ 
NONE                      No environment variables were set
--------------------------------------------------------------------------------

INFO:Timing:2698 - No timing constraints found, doing default enumeration.
INFO:Timing:3412 - To improve timing, see the Timing Closure User Guide (UG612).
INFO:Timing:2752 - To get complete path coverage, use the unconstrained paths 
   option. All paths that are not constrained will be reported in the 
   unconstrained paths section(s) of the report.
INFO:Timing:3339 - The clock-to-out numbers in this timing report are based on 
   a 50 Ohm transmission line loading model.  For the details of this model, 
   and for more information on accounting for different loading conditions, 
   please see the device datasheet.



Data Sheet report:
-----------------
All values displayed in nanoseconds (ns)

Pad to Pad
---------------+---------------+---------+
Source Pad     |Destination Pad|  Delay  |
---------------+---------------+---------+
adc_data<0>    |tempc<0>       |   13.187|
adc_data<0>    |tempc<1>       |   14.346|
adc_data<0>    |tempc<2>       |   14.614|
adc_data<0>    |tempc<3>       |   14.507|
adc_data<0>    |tempc<4>       |   14.499|
adc_data<0>    |tempc<5>       |   14.589|
adc_data<0>    |tempc<6>       |   14.790|
adc_data<0>    |tempc<7>       |   14.819|
adc_data<0>    |tempc<8>       |   14.895|
adc_data<0>    |tempc<9>       |   15.015|
adc_data<0>    |tempc<10>      |   14.903|
adc_data<0>    |tempc<11>      |   14.948|
adc_data<0>    |tempc<12>      |   15.245|
adc_data<0>    |tempc<13>      |   15.335|
adc_data<0>    |tempc<14>      |   14.937|
adc_data<0>    |tempc<15>      |   14.921|
adc_data<0>    |tempc<16>      |   14.732|
adc_data<0>    |tempc<17>      |   15.046|
adc_data<0>    |tempc<18>      |   15.045|
adc_data<0>    |tempc<19>      |   15.092|
adc_data<0>    |tempc<20>      |   15.090|
adc_data<0>    |tempc<21>      |   15.180|
adc_data<0>    |tempc<22>      |   15.079|
adc_data<0>    |tempc<23>      |   15.293|
adc_data<0>    |tempc<24>      |   15.450|
adc_data<0>    |tempc<25>      |   15.581|
adc_data<0>    |tempc<26>      |   15.409|
adc_data<0>    |tempc<27>      |   15.467|
adc_data<0>    |tempc<28>      |   15.608|
adc_data<0>    |tempc<29>      |   15.698|
adc_data<0>    |tempc<30>      |   15.387|
adc_data<0>    |tempc<31>      |   15.578|
adc_data<1>    |tempc<0>       |   12.975|
adc_data<1>    |tempc<1>       |   14.134|
adc_data<1>    |tempc<2>       |   14.402|
adc_data<1>    |tempc<3>       |   14.295|
adc_data<1>    |tempc<4>       |   14.287|
adc_data<1>    |tempc<5>       |   14.377|
adc_data<1>    |tempc<6>       |   14.578|
adc_data<1>    |tempc<7>       |   14.607|
adc_data<1>    |tempc<8>       |   14.683|
adc_data<1>    |tempc<9>       |   14.803|
adc_data<1>    |tempc<10>      |   14.691|
adc_data<1>    |tempc<11>      |   14.736|
adc_data<1>    |tempc<12>      |   15.033|
adc_data<1>    |tempc<13>      |   15.123|
adc_data<1>    |tempc<14>      |   14.725|
adc_data<1>    |tempc<15>      |   14.709|
adc_data<1>    |tempc<16>      |   14.520|
adc_data<1>    |tempc<17>      |   14.834|
adc_data<1>    |tempc<18>      |   14.833|
adc_data<1>    |tempc<19>      |   14.880|
adc_data<1>    |tempc<20>      |   14.878|
adc_data<1>    |tempc<21>      |   14.968|
adc_data<1>    |tempc<22>      |   14.867|
adc_data<1>    |tempc<23>      |   15.081|
adc_data<1>    |tempc<24>      |   15.238|
adc_data<1>    |tempc<25>      |   15.369|
adc_data<1>    |tempc<26>      |   15.197|
adc_data<1>    |tempc<27>      |   15.255|
adc_data<1>    |tempc<28>      |   15.396|
adc_data<1>    |tempc<29>      |   15.486|
adc_data<1>    |tempc<30>      |   15.175|
adc_data<1>    |tempc<31>      |   15.366|
adc_data<2>    |tempc<0>       |   12.419|
adc_data<2>    |tempc<1>       |   13.578|
adc_data<2>    |tempc<2>       |   13.846|
adc_data<2>    |tempc<3>       |   13.739|
adc_data<2>    |tempc<4>       |   13.731|
adc_data<2>    |tempc<5>       |   13.821|
adc_data<2>    |tempc<6>       |   14.022|
adc_data<2>    |tempc<7>       |   14.051|
adc_data<2>    |tempc<8>       |   14.127|
adc_data<2>    |tempc<9>       |   14.247|
adc_data<2>    |tempc<10>      |   14.135|
adc_data<2>    |tempc<11>      |   14.180|
adc_data<2>    |tempc<12>      |   14.477|
adc_data<2>    |tempc<13>      |   14.567|
adc_data<2>    |tempc<14>      |   14.169|
adc_data<2>    |tempc<15>      |   14.153|
adc_data<2>    |tempc<16>      |   13.964|
adc_data<2>    |tempc<17>      |   14.278|
adc_data<2>    |tempc<18>      |   14.277|
adc_data<2>    |tempc<19>      |   14.324|
adc_data<2>    |tempc<20>      |   14.322|
adc_data<2>    |tempc<21>      |   14.412|
adc_data<2>    |tempc<22>      |   14.311|
adc_data<2>    |tempc<23>      |   14.525|
adc_data<2>    |tempc<24>      |   14.682|
adc_data<2>    |tempc<25>      |   14.813|
adc_data<2>    |tempc<26>      |   14.641|
adc_data<2>    |tempc<27>      |   14.699|
adc_data<2>    |tempc<28>      |   14.840|
adc_data<2>    |tempc<29>      |   14.930|
adc_data<2>    |tempc<30>      |   14.619|
adc_data<2>    |tempc<31>      |   14.810|
adc_data<3>    |tempc<0>       |   12.149|
adc_data<3>    |tempc<1>       |   13.308|
adc_data<3>    |tempc<2>       |   13.576|
adc_data<3>    |tempc<3>       |   13.469|
adc_data<3>    |tempc<4>       |   13.461|
adc_data<3>    |tempc<5>       |   13.551|
adc_data<3>    |tempc<6>       |   13.752|
adc_data<3>    |tempc<7>       |   13.781|
adc_data<3>    |tempc<8>       |   13.857|
adc_data<3>    |tempc<9>       |   13.977|
adc_data<3>    |tempc<10>      |   13.865|
adc_data<3>    |tempc<11>      |   13.910|
adc_data<3>    |tempc<12>      |   14.207|
adc_data<3>    |tempc<13>      |   14.297|
adc_data<3>    |tempc<14>      |   13.899|
adc_data<3>    |tempc<15>      |   13.883|
adc_data<3>    |tempc<16>      |   13.694|
adc_data<3>    |tempc<17>      |   14.008|
adc_data<3>    |tempc<18>      |   14.007|
adc_data<3>    |tempc<19>      |   14.054|
adc_data<3>    |tempc<20>      |   14.052|
adc_data<3>    |tempc<21>      |   14.142|
adc_data<3>    |tempc<22>      |   14.041|
adc_data<3>    |tempc<23>      |   14.255|
adc_data<3>    |tempc<24>      |   14.412|
adc_data<3>    |tempc<25>      |   14.543|
adc_data<3>    |tempc<26>      |   14.371|
adc_data<3>    |tempc<27>      |   14.429|
adc_data<3>    |tempc<28>      |   14.570|
adc_data<3>    |tempc<29>      |   14.660|
adc_data<3>    |tempc<30>      |   14.349|
adc_data<3>    |tempc<31>      |   14.540|
adc_data<4>    |tempc<0>       |   12.413|
adc_data<4>    |tempc<1>       |   13.572|
adc_data<4>    |tempc<2>       |   13.840|
adc_data<4>    |tempc<3>       |   13.733|
adc_data<4>    |tempc<4>       |   13.725|
adc_data<4>    |tempc<5>       |   13.815|
adc_data<4>    |tempc<6>       |   14.016|
adc_data<4>    |tempc<7>       |   14.045|
adc_data<4>    |tempc<8>       |   14.121|
adc_data<4>    |tempc<9>       |   14.241|
adc_data<4>    |tempc<10>      |   14.129|
adc_data<4>    |tempc<11>      |   14.174|
adc_data<4>    |tempc<12>      |   14.471|
adc_data<4>    |tempc<13>      |   14.561|
adc_data<4>    |tempc<14>      |   14.163|
adc_data<4>    |tempc<15>      |   14.147|
adc_data<4>    |tempc<16>      |   13.958|
adc_data<4>    |tempc<17>      |   14.272|
adc_data<4>    |tempc<18>      |   14.271|
adc_data<4>    |tempc<19>      |   14.318|
adc_data<4>    |tempc<20>      |   14.316|
adc_data<4>    |tempc<21>      |   14.406|
adc_data<4>    |tempc<22>      |   14.305|
adc_data<4>    |tempc<23>      |   14.519|
adc_data<4>    |tempc<24>      |   14.676|
adc_data<4>    |tempc<25>      |   14.807|
adc_data<4>    |tempc<26>      |   14.635|
adc_data<4>    |tempc<27>      |   14.693|
adc_data<4>    |tempc<28>      |   14.834|
adc_data<4>    |tempc<29>      |   14.924|
adc_data<4>    |tempc<30>      |   14.613|
adc_data<4>    |tempc<31>      |   14.804|
adc_data<5>    |tempc<0>       |   12.363|
adc_data<5>    |tempc<1>       |   13.522|
adc_data<5>    |tempc<2>       |   13.790|
adc_data<5>    |tempc<3>       |   13.683|
adc_data<5>    |tempc<4>       |   13.675|
adc_data<5>    |tempc<5>       |   13.765|
adc_data<5>    |tempc<6>       |   13.966|
adc_data<5>    |tempc<7>       |   13.995|
adc_data<5>    |tempc<8>       |   14.071|
adc_data<5>    |tempc<9>       |   14.191|
adc_data<5>    |tempc<10>      |   14.079|
adc_data<5>    |tempc<11>      |   14.124|
adc_data<5>    |tempc<12>      |   14.421|
adc_data<5>    |tempc<13>      |   14.511|
adc_data<5>    |tempc<14>      |   14.113|
adc_data<5>    |tempc<15>      |   14.097|
adc_data<5>    |tempc<16>      |   13.908|
adc_data<5>    |tempc<17>      |   14.222|
adc_data<5>    |tempc<18>      |   14.221|
adc_data<5>    |tempc<19>      |   14.268|
adc_data<5>    |tempc<20>      |   14.266|
adc_data<5>    |tempc<21>      |   14.356|
adc_data<5>    |tempc<22>      |   14.255|
adc_data<5>    |tempc<23>      |   14.469|
adc_data<5>    |tempc<24>      |   14.626|
adc_data<5>    |tempc<25>      |   14.757|
adc_data<5>    |tempc<26>      |   14.585|
adc_data<5>    |tempc<27>      |   14.643|
adc_data<5>    |tempc<28>      |   14.784|
adc_data<5>    |tempc<29>      |   14.874|
adc_data<5>    |tempc<30>      |   14.563|
adc_data<5>    |tempc<31>      |   14.754|
adc_data<6>    |tempc<0>       |   12.750|
adc_data<6>    |tempc<1>       |   13.909|
adc_data<6>    |tempc<2>       |   14.177|
adc_data<6>    |tempc<3>       |   14.070|
adc_data<6>    |tempc<4>       |   14.062|
adc_data<6>    |tempc<5>       |   14.152|
adc_data<6>    |tempc<6>       |   14.353|
adc_data<6>    |tempc<7>       |   14.382|
adc_data<6>    |tempc<8>       |   14.458|
adc_data<6>    |tempc<9>       |   14.578|
adc_data<6>    |tempc<10>      |   14.466|
adc_data<6>    |tempc<11>      |   14.511|
adc_data<6>    |tempc<12>      |   14.808|
adc_data<6>    |tempc<13>      |   14.898|
adc_data<6>    |tempc<14>      |   14.500|
adc_data<6>    |tempc<15>      |   14.484|
adc_data<6>    |tempc<16>      |   14.295|
adc_data<6>    |tempc<17>      |   14.609|
adc_data<6>    |tempc<18>      |   14.608|
adc_data<6>    |tempc<19>      |   14.655|
adc_data<6>    |tempc<20>      |   14.653|
adc_data<6>    |tempc<21>      |   14.743|
adc_data<6>    |tempc<22>      |   14.642|
adc_data<6>    |tempc<23>      |   14.856|
adc_data<6>    |tempc<24>      |   15.013|
adc_data<6>    |tempc<25>      |   15.144|
adc_data<6>    |tempc<26>      |   14.972|
adc_data<6>    |tempc<27>      |   15.030|
adc_data<6>    |tempc<28>      |   15.171|
adc_data<6>    |tempc<29>      |   15.261|
adc_data<6>    |tempc<30>      |   14.950|
adc_data<6>    |tempc<31>      |   15.141|
adc_data<7>    |tempc<0>       |   12.641|
adc_data<7>    |tempc<1>       |   13.800|
adc_data<7>    |tempc<2>       |   14.068|
adc_data<7>    |tempc<3>       |   13.961|
adc_data<7>    |tempc<4>       |   13.953|
adc_data<7>    |tempc<5>       |   14.043|
adc_data<7>    |tempc<6>       |   14.244|
adc_data<7>    |tempc<7>       |   14.273|
adc_data<7>    |tempc<8>       |   14.349|
adc_data<7>    |tempc<9>       |   14.469|
adc_data<7>    |tempc<10>      |   14.357|
adc_data<7>    |tempc<11>      |   14.402|
adc_data<7>    |tempc<12>      |   14.699|
adc_data<7>    |tempc<13>      |   14.789|
adc_data<7>    |tempc<14>      |   14.391|
adc_data<7>    |tempc<15>      |   14.375|
adc_data<7>    |tempc<16>      |   14.186|
adc_data<7>    |tempc<17>      |   14.500|
adc_data<7>    |tempc<18>      |   14.499|
adc_data<7>    |tempc<19>      |   14.546|
adc_data<7>    |tempc<20>      |   14.544|
adc_data<7>    |tempc<21>      |   14.634|
adc_data<7>    |tempc<22>      |   14.533|
adc_data<7>    |tempc<23>      |   14.747|
adc_data<7>    |tempc<24>      |   14.904|
adc_data<7>    |tempc<25>      |   15.035|
adc_data<7>    |tempc<26>      |   14.863|
adc_data<7>    |tempc<27>      |   14.921|
adc_data<7>    |tempc<28>      |   15.062|
adc_data<7>    |tempc<29>      |   15.152|
adc_data<7>    |tempc<30>      |   14.841|
adc_data<7>    |tempc<31>      |   15.032|
adc_data<8>    |tempc<0>       |   12.695|
adc_data<8>    |tempc<1>       |   13.854|
adc_data<8>    |tempc<2>       |   14.122|
adc_data<8>    |tempc<3>       |   14.015|
adc_data<8>    |tempc<4>       |   14.007|
adc_data<8>    |tempc<5>       |   14.097|
adc_data<8>    |tempc<6>       |   14.298|
adc_data<8>    |tempc<7>       |   14.327|
adc_data<8>    |tempc<8>       |   14.403|
adc_data<8>    |tempc<9>       |   14.523|
adc_data<8>    |tempc<10>      |   14.411|
adc_data<8>    |tempc<11>      |   14.456|
adc_data<8>    |tempc<12>      |   14.753|
adc_data<8>    |tempc<13>      |   14.843|
adc_data<8>    |tempc<14>      |   14.445|
adc_data<8>    |tempc<15>      |   14.429|
adc_data<8>    |tempc<16>      |   14.240|
adc_data<8>    |tempc<17>      |   14.554|
adc_data<8>    |tempc<18>      |   14.553|
adc_data<8>    |tempc<19>      |   14.600|
adc_data<8>    |tempc<20>      |   14.598|
adc_data<8>    |tempc<21>      |   14.688|
adc_data<8>    |tempc<22>      |   14.587|
adc_data<8>    |tempc<23>      |   14.801|
adc_data<8>    |tempc<24>      |   14.958|
adc_data<8>    |tempc<25>      |   15.089|
adc_data<8>    |tempc<26>      |   14.917|
adc_data<8>    |tempc<27>      |   14.975|
adc_data<8>    |tempc<28>      |   15.116|
adc_data<8>    |tempc<29>      |   15.206|
adc_data<8>    |tempc<30>      |   14.895|
adc_data<8>    |tempc<31>      |   15.086|
adc_data<9>    |tempc<0>       |   12.649|
adc_data<9>    |tempc<1>       |   13.808|
adc_data<9>    |tempc<2>       |   14.076|
adc_data<9>    |tempc<3>       |   13.969|
adc_data<9>    |tempc<4>       |   13.961|
adc_data<9>    |tempc<5>       |   14.051|
adc_data<9>    |tempc<6>       |   14.252|
adc_data<9>    |tempc<7>       |   14.281|
adc_data<9>    |tempc<8>       |   14.357|
adc_data<9>    |tempc<9>       |   14.477|
adc_data<9>    |tempc<10>      |   14.365|
adc_data<9>    |tempc<11>      |   14.410|
adc_data<9>    |tempc<12>      |   14.707|
adc_data<9>    |tempc<13>      |   14.797|
adc_data<9>    |tempc<14>      |   14.399|
adc_data<9>    |tempc<15>      |   14.383|
adc_data<9>    |tempc<16>      |   14.194|
adc_data<9>    |tempc<17>      |   14.508|
adc_data<9>    |tempc<18>      |   14.507|
adc_data<9>    |tempc<19>      |   14.554|
adc_data<9>    |tempc<20>      |   14.552|
adc_data<9>    |tempc<21>      |   14.642|
adc_data<9>    |tempc<22>      |   14.541|
adc_data<9>    |tempc<23>      |   14.755|
adc_data<9>    |tempc<24>      |   14.912|
adc_data<9>    |tempc<25>      |   15.043|
adc_data<9>    |tempc<26>      |   14.871|
adc_data<9>    |tempc<27>      |   14.929|
adc_data<9>    |tempc<28>      |   15.070|
adc_data<9>    |tempc<29>      |   15.160|
adc_data<9>    |tempc<30>      |   14.849|
adc_data<9>    |tempc<31>      |   15.040|
adc_data<10>   |tempc<0>       |   13.299|
adc_data<10>   |tempc<1>       |   14.458|
adc_data<10>   |tempc<2>       |   14.726|
adc_data<10>   |tempc<3>       |   14.619|
adc_data<10>   |tempc<4>       |   14.611|
adc_data<10>   |tempc<5>       |   14.701|
adc_data<10>   |tempc<6>       |   14.902|
adc_data<10>   |tempc<7>       |   14.931|
adc_data<10>   |tempc<8>       |   15.007|
adc_data<10>   |tempc<9>       |   15.127|
adc_data<10>   |tempc<10>      |   15.015|
adc_data<10>   |tempc<11>      |   15.060|
adc_data<10>   |tempc<12>      |   15.357|
adc_data<10>   |tempc<13>      |   15.447|
adc_data<10>   |tempc<14>      |   15.049|
adc_data<10>   |tempc<15>      |   15.033|
adc_data<10>   |tempc<16>      |   14.844|
adc_data<10>   |tempc<17>      |   15.158|
adc_data<10>   |tempc<18>      |   15.157|
adc_data<10>   |tempc<19>      |   15.204|
adc_data<10>   |tempc<20>      |   15.202|
adc_data<10>   |tempc<21>      |   15.292|
adc_data<10>   |tempc<22>      |   15.191|
adc_data<10>   |tempc<23>      |   15.405|
adc_data<10>   |tempc<24>      |   15.562|
adc_data<10>   |tempc<25>      |   15.693|
adc_data<10>   |tempc<26>      |   15.521|
adc_data<10>   |tempc<27>      |   15.579|
adc_data<10>   |tempc<28>      |   15.720|
adc_data<10>   |tempc<29>      |   15.810|
adc_data<10>   |tempc<30>      |   15.499|
adc_data<10>   |tempc<31>      |   15.690|
adc_data<11>   |tempc<0>       |   12.973|
adc_data<11>   |tempc<1>       |   14.132|
adc_data<11>   |tempc<2>       |   14.400|
adc_data<11>   |tempc<3>       |   14.293|
adc_data<11>   |tempc<4>       |   14.285|
adc_data<11>   |tempc<5>       |   14.375|
adc_data<11>   |tempc<6>       |   14.576|
adc_data<11>   |tempc<7>       |   14.605|
adc_data<11>   |tempc<8>       |   14.681|
adc_data<11>   |tempc<9>       |   14.801|
adc_data<11>   |tempc<10>      |   14.689|
adc_data<11>   |tempc<11>      |   14.734|
adc_data<11>   |tempc<12>      |   15.031|
adc_data<11>   |tempc<13>      |   15.121|
adc_data<11>   |tempc<14>      |   14.723|
adc_data<11>   |tempc<15>      |   14.707|
adc_data<11>   |tempc<16>      |   14.518|
adc_data<11>   |tempc<17>      |   14.832|
adc_data<11>   |tempc<18>      |   14.831|
adc_data<11>   |tempc<19>      |   14.878|
adc_data<11>   |tempc<20>      |   14.876|
adc_data<11>   |tempc<21>      |   14.966|
adc_data<11>   |tempc<22>      |   14.865|
adc_data<11>   |tempc<23>      |   15.079|
adc_data<11>   |tempc<24>      |   15.236|
adc_data<11>   |tempc<25>      |   15.367|
adc_data<11>   |tempc<26>      |   15.195|
adc_data<11>   |tempc<27>      |   15.253|
adc_data<11>   |tempc<28>      |   15.394|
adc_data<11>   |tempc<29>      |   15.484|
adc_data<11>   |tempc<30>      |   15.173|
adc_data<11>   |tempc<31>      |   15.364|
adc_data<12>   |tempc<0>       |   13.102|
adc_data<12>   |tempc<1>       |   14.261|
adc_data<12>   |tempc<2>       |   14.529|
adc_data<12>   |tempc<3>       |   14.422|
adc_data<12>   |tempc<4>       |   14.414|
adc_data<12>   |tempc<5>       |   14.504|
adc_data<12>   |tempc<6>       |   14.705|
adc_data<12>   |tempc<7>       |   14.734|
adc_data<12>   |tempc<8>       |   14.810|
adc_data<12>   |tempc<9>       |   14.930|
adc_data<12>   |tempc<10>      |   14.818|
adc_data<12>   |tempc<11>      |   14.863|
adc_data<12>   |tempc<12>      |   15.160|
adc_data<12>   |tempc<13>      |   15.250|
adc_data<12>   |tempc<14>      |   14.852|
adc_data<12>   |tempc<15>      |   14.836|
adc_data<12>   |tempc<16>      |   14.647|
adc_data<12>   |tempc<17>      |   14.961|
adc_data<12>   |tempc<18>      |   14.960|
adc_data<12>   |tempc<19>      |   15.007|
adc_data<12>   |tempc<20>      |   15.005|
adc_data<12>   |tempc<21>      |   15.095|
adc_data<12>   |tempc<22>      |   14.994|
adc_data<12>   |tempc<23>      |   15.208|
adc_data<12>   |tempc<24>      |   15.365|
adc_data<12>   |tempc<25>      |   15.496|
adc_data<12>   |tempc<26>      |   15.324|
adc_data<12>   |tempc<27>      |   15.382|
adc_data<12>   |tempc<28>      |   15.523|
adc_data<12>   |tempc<29>      |   15.613|
adc_data<12>   |tempc<30>      |   15.302|
adc_data<12>   |tempc<31>      |   15.493|
adc_data<13>   |tempc<0>       |   13.160|
adc_data<13>   |tempc<1>       |   14.319|
adc_data<13>   |tempc<2>       |   14.587|
adc_data<13>   |tempc<3>       |   14.480|
adc_data<13>   |tempc<4>       |   14.472|
adc_data<13>   |tempc<5>       |   14.562|
adc_data<13>   |tempc<6>       |   14.763|
adc_data<13>   |tempc<7>       |   14.792|
adc_data<13>   |tempc<8>       |   14.868|
adc_data<13>   |tempc<9>       |   14.988|
adc_data<13>   |tempc<10>      |   14.876|
adc_data<13>   |tempc<11>      |   14.921|
adc_data<13>   |tempc<12>      |   15.218|
adc_data<13>   |tempc<13>      |   15.308|
adc_data<13>   |tempc<14>      |   14.910|
adc_data<13>   |tempc<15>      |   14.894|
adc_data<13>   |tempc<16>      |   14.705|
adc_data<13>   |tempc<17>      |   15.019|
adc_data<13>   |tempc<18>      |   15.018|
adc_data<13>   |tempc<19>      |   15.065|
adc_data<13>   |tempc<20>      |   15.063|
adc_data<13>   |tempc<21>      |   15.153|
adc_data<13>   |tempc<22>      |   15.052|
adc_data<13>   |tempc<23>      |   15.266|
adc_data<13>   |tempc<24>      |   15.423|
adc_data<13>   |tempc<25>      |   15.554|
adc_data<13>   |tempc<26>      |   15.382|
adc_data<13>   |tempc<27>      |   15.440|
adc_data<13>   |tempc<28>      |   15.581|
adc_data<13>   |tempc<29>      |   15.671|
adc_data<13>   |tempc<30>      |   15.360|
adc_data<13>   |tempc<31>      |   15.551|
adc_data<14>   |tempc<0>       |   13.420|
adc_data<14>   |tempc<1>       |   14.579|
adc_data<14>   |tempc<2>       |   14.847|
adc_data<14>   |tempc<3>       |   14.740|
adc_data<14>   |tempc<4>       |   14.732|
adc_data<14>   |tempc<5>       |   14.822|
adc_data<14>   |tempc<6>       |   15.023|
adc_data<14>   |tempc<7>       |   15.052|
adc_data<14>   |tempc<8>       |   15.128|
adc_data<14>   |tempc<9>       |   15.248|
adc_data<14>   |tempc<10>      |   15.136|
adc_data<14>   |tempc<11>      |   15.181|
adc_data<14>   |tempc<12>      |   15.478|
adc_data<14>   |tempc<13>      |   15.568|
adc_data<14>   |tempc<14>      |   15.170|
adc_data<14>   |tempc<15>      |   15.154|
adc_data<14>   |tempc<16>      |   14.965|
adc_data<14>   |tempc<17>      |   15.279|
adc_data<14>   |tempc<18>      |   15.278|
adc_data<14>   |tempc<19>      |   15.325|
adc_data<14>   |tempc<20>      |   15.323|
adc_data<14>   |tempc<21>      |   15.413|
adc_data<14>   |tempc<22>      |   15.312|
adc_data<14>   |tempc<23>      |   15.526|
adc_data<14>   |tempc<24>      |   15.683|
adc_data<14>   |tempc<25>      |   15.814|
adc_data<14>   |tempc<26>      |   15.642|
adc_data<14>   |tempc<27>      |   15.700|
adc_data<14>   |tempc<28>      |   15.841|
adc_data<14>   |tempc<29>      |   15.931|
adc_data<14>   |tempc<30>      |   15.620|
adc_data<14>   |tempc<31>      |   15.811|
adc_data<15>   |tempc<0>       |   10.995|
adc_data<15>   |tempc<1>       |   12.154|
adc_data<15>   |tempc<2>       |   12.380|
adc_data<15>   |tempc<3>       |   12.257|
adc_data<15>   |tempc<4>       |   12.253|
adc_data<15>   |tempc<5>       |   12.343|
adc_data<15>   |tempc<6>       |   12.464|
adc_data<15>   |tempc<7>       |   12.505|
adc_data<15>   |tempc<8>       |   12.552|
adc_data<15>   |tempc<9>       |   12.662|
adc_data<15>   |tempc<10>      |   12.555|
adc_data<15>   |tempc<11>      |   12.584|
adc_data<15>   |tempc<12>      |   12.885|
adc_data<15>   |tempc<13>      |   12.975|
adc_data<15>   |tempc<14>      |   12.597|
adc_data<15>   |tempc<15>      |   12.569|
adc_data<15>   |tempc<16>      |   12.419|
adc_data<15>   |tempc<17>      |   12.733|
adc_data<15>   |tempc<18>      |   12.732|
adc_data<15>   |tempc<19>      |   12.779|
adc_data<15>   |tempc<20>      |   12.840|
adc_data<15>   |tempc<21>      |   12.909|
adc_data<15>   |tempc<22>      |   12.937|
adc_data<15>   |tempc<23>      |   13.139|
adc_data<15>   |tempc<24>      |   13.335|
adc_data<15>   |tempc<25>      |   13.466|
adc_data<15>   |tempc<26>      |   13.372|
adc_data<15>   |tempc<27>      |   13.418|
adc_data<15>   |tempc<28>      |   13.598|
adc_data<15>   |tempc<29>      |   13.688|
adc_data<15>   |tempc<30>      |   13.377|
adc_data<15>   |tempc<31>      |   13.568|
tc_base<0>     |tempc<0>       |   10.254|
tc_base<0>     |tempc<1>       |   11.416|
tc_base<0>     |tempc<2>       |   11.639|
tc_base<0>     |tempc<3>       |   11.516|
tc_base<0>     |tempc<4>       |   11.519|
tc_base<0>     |tempc<5>       |   11.609|
tc_base<0>     |tempc<6>       |   11.730|
tc_base<0>     |tempc<7>       |   11.771|
tc_base<0>     |tempc<8>       |   11.808|
tc_base<0>     |tempc<9>       |   11.928|
tc_base<0>     |tempc<10>      |   11.703|
tc_base<0>     |tempc<11>      |   11.744|
tc_base<0>     |tempc<12>      |   12.006|
tc_base<0>     |tempc<13>      |   12.096|
tc_base<0>     |tempc<14>      |   11.698|
tc_base<0>     |tempc<15>      |   11.682|
tc_base<0>     |tempc<16>      |   11.493|
tc_base<0>     |tempc<17>      |   11.807|
tc_base<0>     |tempc<18>      |   11.806|
tc_base<0>     |tempc<19>      |   11.853|
tc_base<0>     |tempc<20>      |   11.851|
tc_base<0>     |tempc<21>      |   11.941|
tc_base<0>     |tempc<22>      |   11.840|
tc_base<0>     |tempc<23>      |   12.054|
tc_base<0>     |tempc<24>      |   12.211|
tc_base<0>     |tempc<25>      |   12.342|
tc_base<0>     |tempc<26>      |   12.170|
tc_base<0>     |tempc<27>      |   12.228|
tc_base<0>     |tempc<28>      |   12.369|
tc_base<0>     |tempc<29>      |   12.459|
tc_base<0>     |tempc<30>      |   12.148|
tc_base<0>     |tempc<31>      |   12.339|
tc_base<1>     |tempc<1>       |   11.254|
tc_base<1>     |tempc<2>       |   11.532|
tc_base<1>     |tempc<3>       |   11.425|
tc_base<1>     |tempc<4>       |   11.417|
tc_base<1>     |tempc<5>       |   11.507|
tc_base<1>     |tempc<6>       |   11.628|
tc_base<1>     |tempc<7>       |   11.669|
tc_base<1>     |tempc<8>       |   11.706|
tc_base<1>     |tempc<9>       |   11.826|
tc_base<1>     |tempc<10>      |   11.601|
tc_base<1>     |tempc<11>      |   11.642|
tc_base<1>     |tempc<12>      |   11.904|
tc_base<1>     |tempc<13>      |   11.994|
tc_base<1>     |tempc<14>      |   11.596|
tc_base<1>     |tempc<15>      |   11.580|
tc_base<1>     |tempc<16>      |   11.391|
tc_base<1>     |tempc<17>      |   11.705|
tc_base<1>     |tempc<18>      |   11.704|
tc_base<1>     |tempc<19>      |   11.751|
tc_base<1>     |tempc<20>      |   11.749|
tc_base<1>     |tempc<21>      |   11.839|
tc_base<1>     |tempc<22>      |   11.738|
tc_base<1>     |tempc<23>      |   11.952|
tc_base<1>     |tempc<24>      |   12.109|
tc_base<1>     |tempc<25>      |   12.240|
tc_base<1>     |tempc<26>      |   12.068|
tc_base<1>     |tempc<27>      |   12.126|
tc_base<1>     |tempc<28>      |   12.267|
tc_base<1>     |tempc<29>      |   12.357|
tc_base<1>     |tempc<30>      |   12.046|
tc_base<1>     |tempc<31>      |   12.237|
tc_base<2>     |tempc<2>       |   11.448|
tc_base<2>     |tempc<3>       |   11.318|
tc_base<2>     |tempc<4>       |   11.343|
tc_base<2>     |tempc<5>       |   11.433|
tc_base<2>     |tempc<6>       |   11.554|
tc_base<2>     |tempc<7>       |   11.595|
tc_base<2>     |tempc<8>       |   11.632|
tc_base<2>     |tempc<9>       |   11.752|
tc_base<2>     |tempc<10>      |   11.527|
tc_base<2>     |tempc<11>      |   11.568|
tc_base<2>     |tempc<12>      |   11.830|
tc_base<2>     |tempc<13>      |   11.920|
tc_base<2>     |tempc<14>      |   11.522|
tc_base<2>     |tempc<15>      |   11.506|
tc_base<2>     |tempc<16>      |   11.317|
tc_base<2>     |tempc<17>      |   11.631|
tc_base<2>     |tempc<18>      |   11.630|
tc_base<2>     |tempc<19>      |   11.677|
tc_base<2>     |tempc<20>      |   11.675|
tc_base<2>     |tempc<21>      |   11.765|
tc_base<2>     |tempc<22>      |   11.664|
tc_base<2>     |tempc<23>      |   11.878|
tc_base<2>     |tempc<24>      |   12.035|
tc_base<2>     |tempc<25>      |   12.166|
tc_base<2>     |tempc<26>      |   11.994|
tc_base<2>     |tempc<27>      |   12.052|
tc_base<2>     |tempc<28>      |   12.193|
tc_base<2>     |tempc<29>      |   12.283|
tc_base<2>     |tempc<30>      |   11.972|
tc_base<2>     |tempc<31>      |   12.163|
tc_base<3>     |tempc<3>       |   10.844|
tc_base<3>     |tempc<4>       |   10.895|
tc_base<3>     |tempc<5>       |   10.985|
tc_base<3>     |tempc<6>       |   11.106|
tc_base<3>     |tempc<7>       |   11.147|
tc_base<3>     |tempc<8>       |   11.184|
tc_base<3>     |tempc<9>       |   11.304|
tc_base<3>     |tempc<10>      |   11.079|
tc_base<3>     |tempc<11>      |   11.120|
tc_base<3>     |tempc<12>      |   11.382|
tc_base<3>     |tempc<13>      |   11.472|
tc_base<3>     |tempc<14>      |   11.074|
tc_base<3>     |tempc<15>      |   11.058|
tc_base<3>     |tempc<16>      |   10.869|
tc_base<3>     |tempc<17>      |   11.183|
tc_base<3>     |tempc<18>      |   11.182|
tc_base<3>     |tempc<19>      |   11.229|
tc_base<3>     |tempc<20>      |   11.227|
tc_base<3>     |tempc<21>      |   11.317|
tc_base<3>     |tempc<22>      |   11.216|
tc_base<3>     |tempc<23>      |   11.430|
tc_base<3>     |tempc<24>      |   11.587|
tc_base<3>     |tempc<25>      |   11.718|
tc_base<3>     |tempc<26>      |   11.546|
tc_base<3>     |tempc<27>      |   11.604|
tc_base<3>     |tempc<28>      |   11.745|
tc_base<3>     |tempc<29>      |   11.835|
tc_base<3>     |tempc<30>      |   11.524|
tc_base<3>     |tempc<31>      |   11.715|
tc_base<4>     |tempc<4>       |   11.056|
tc_base<4>     |tempc<5>       |   11.125|
tc_base<4>     |tempc<6>       |   11.375|
tc_base<4>     |tempc<7>       |   11.404|
tc_base<4>     |tempc<8>       |   11.480|
tc_base<4>     |tempc<9>       |   11.600|
tc_base<4>     |tempc<10>      |   11.375|
tc_base<4>     |tempc<11>      |   11.416|
tc_base<4>     |tempc<12>      |   11.678|
tc_base<4>     |tempc<13>      |   11.768|
tc_base<4>     |tempc<14>      |   11.370|
tc_base<4>     |tempc<15>      |   11.354|
tc_base<4>     |tempc<16>      |   11.165|
tc_base<4>     |tempc<17>      |   11.479|
tc_base<4>     |tempc<18>      |   11.478|
tc_base<4>     |tempc<19>      |   11.525|
tc_base<4>     |tempc<20>      |   11.523|
tc_base<4>     |tempc<21>      |   11.613|
tc_base<4>     |tempc<22>      |   11.512|
tc_base<4>     |tempc<23>      |   11.726|
tc_base<4>     |tempc<24>      |   11.883|
tc_base<4>     |tempc<25>      |   12.014|
tc_base<4>     |tempc<26>      |   11.842|
tc_base<4>     |tempc<27>      |   11.900|
tc_base<4>     |tempc<28>      |   12.041|
tc_base<4>     |tempc<29>      |   12.131|
tc_base<4>     |tempc<30>      |   11.820|
tc_base<4>     |tempc<31>      |   12.011|
tc_base<5>     |tempc<5>       |   11.430|
tc_base<5>     |tempc<6>       |   11.732|
tc_base<5>     |tempc<7>       |   11.777|
tc_base<5>     |tempc<8>       |   11.849|
tc_base<5>     |tempc<9>       |   11.969|
tc_base<5>     |tempc<10>      |   11.744|
tc_base<5>     |tempc<11>      |   11.785|
tc_base<5>     |tempc<12>      |   12.047|
tc_base<5>     |tempc<13>      |   12.137|
tc_base<5>     |tempc<14>      |   11.739|
tc_base<5>     |tempc<15>      |   11.723|
tc_base<5>     |tempc<16>      |   11.534|
tc_base<5>     |tempc<17>      |   11.848|
tc_base<5>     |tempc<18>      |   11.847|
tc_base<5>     |tempc<19>      |   11.894|
tc_base<5>     |tempc<20>      |   11.892|
tc_base<5>     |tempc<21>      |   11.982|
tc_base<5>     |tempc<22>      |   11.881|
tc_base<5>     |tempc<23>      |   12.095|
tc_base<5>     |tempc<24>      |   12.252|
tc_base<5>     |tempc<25>      |   12.383|
tc_base<5>     |tempc<26>      |   12.211|
tc_base<5>     |tempc<27>      |   12.269|
tc_base<5>     |tempc<28>      |   12.410|
tc_base<5>     |tempc<29>      |   12.500|
tc_base<5>     |tempc<30>      |   12.189|
tc_base<5>     |tempc<31>      |   12.380|
tc_base<6>     |tempc<6>       |   11.243|
tc_base<6>     |tempc<7>       |   11.265|
tc_base<6>     |tempc<8>       |   11.370|
tc_base<6>     |tempc<9>       |   11.490|
tc_base<6>     |tempc<10>      |   11.265|
tc_base<6>     |tempc<11>      |   11.306|
tc_base<6>     |tempc<12>      |   11.568|
tc_base<6>     |tempc<13>      |   11.658|
tc_base<6>     |tempc<14>      |   11.260|
tc_base<6>     |tempc<15>      |   11.244|
tc_base<6>     |tempc<16>      |   11.055|
tc_base<6>     |tempc<17>      |   11.369|
tc_base<6>     |tempc<18>      |   11.368|
tc_base<6>     |tempc<19>      |   11.415|
tc_base<6>     |tempc<20>      |   11.413|
tc_base<6>     |tempc<21>      |   11.503|
tc_base<6>     |tempc<22>      |   11.402|
tc_base<6>     |tempc<23>      |   11.616|
tc_base<6>     |tempc<24>      |   11.773|
tc_base<6>     |tempc<25>      |   11.904|
tc_base<6>     |tempc<26>      |   11.732|
tc_base<6>     |tempc<27>      |   11.790|
tc_base<6>     |tempc<28>      |   11.931|
tc_base<6>     |tempc<29>      |   12.021|
tc_base<6>     |tempc<30>      |   11.710|
tc_base<6>     |tempc<31>      |   11.901|
tc_base<7>     |tempc<7>       |   11.360|
tc_base<7>     |tempc<8>       |   11.491|
tc_base<7>     |tempc<9>       |   11.611|
tc_base<7>     |tempc<10>      |   11.386|
tc_base<7>     |tempc<11>      |   11.427|
tc_base<7>     |tempc<12>      |   11.689|
tc_base<7>     |tempc<13>      |   11.779|
tc_base<7>     |tempc<14>      |   11.381|
tc_base<7>     |tempc<15>      |   11.365|
tc_base<7>     |tempc<16>      |   11.176|
tc_base<7>     |tempc<17>      |   11.490|
tc_base<7>     |tempc<18>      |   11.489|
tc_base<7>     |tempc<19>      |   11.536|
tc_base<7>     |tempc<20>      |   11.534|
tc_base<7>     |tempc<21>      |   11.624|
tc_base<7>     |tempc<22>      |   11.523|
tc_base<7>     |tempc<23>      |   11.737|
tc_base<7>     |tempc<24>      |   11.894|
tc_base<7>     |tempc<25>      |   12.025|
tc_base<7>     |tempc<26>      |   11.853|
tc_base<7>     |tempc<27>      |   11.911|
tc_base<7>     |tempc<28>      |   12.052|
tc_base<7>     |tempc<29>      |   12.142|
tc_base<7>     |tempc<30>      |   11.831|
tc_base<7>     |tempc<31>      |   12.022|
tc_base<8>     |tempc<8>       |   10.916|
tc_base<8>     |tempc<9>       |   11.015|
tc_base<8>     |tempc<10>      |   10.919|
tc_base<8>     |tempc<11>      |   10.948|
tc_base<8>     |tempc<12>      |   11.249|
tc_base<8>     |tempc<13>      |   11.339|
tc_base<8>     |tempc<14>      |   10.941|
tc_base<8>     |tempc<15>      |   10.925|
tc_base<8>     |tempc<16>      |   10.736|
tc_base<8>     |tempc<17>      |   11.050|
tc_base<8>     |tempc<18>      |   11.049|
tc_base<8>     |tempc<19>      |   11.096|
tc_base<8>     |tempc<20>      |   11.094|
tc_base<8>     |tempc<21>      |   11.184|
tc_base<8>     |tempc<22>      |   11.083|
tc_base<8>     |tempc<23>      |   11.297|
tc_base<8>     |tempc<24>      |   11.454|
tc_base<8>     |tempc<25>      |   11.585|
tc_base<8>     |tempc<26>      |   11.413|
tc_base<8>     |tempc<27>      |   11.471|
tc_base<8>     |tempc<28>      |   11.612|
tc_base<8>     |tempc<29>      |   11.702|
tc_base<8>     |tempc<30>      |   11.391|
tc_base<8>     |tempc<31>      |   11.582|
tc_base<9>     |tempc<9>       |   10.994|
tc_base<9>     |tempc<10>      |   10.950|
tc_base<9>     |tempc<11>      |   10.995|
tc_base<9>     |tempc<12>      |   11.292|
tc_base<9>     |tempc<13>      |   11.382|
tc_base<9>     |tempc<14>      |   10.984|
tc_base<9>     |tempc<15>      |   10.968|
tc_base<9>     |tempc<16>      |   10.779|
tc_base<9>     |tempc<17>      |   11.093|
tc_base<9>     |tempc<18>      |   11.092|
tc_base<9>     |tempc<19>      |   11.139|
tc_base<9>     |tempc<20>      |   11.137|
tc_base<9>     |tempc<21>      |   11.227|
tc_base<9>     |tempc<22>      |   11.126|
tc_base<9>     |tempc<23>      |   11.340|
tc_base<9>     |tempc<24>      |   11.497|
tc_base<9>     |tempc<25>      |   11.628|
tc_base<9>     |tempc<26>      |   11.456|
tc_base<9>     |tempc<27>      |   11.514|
tc_base<9>     |tempc<28>      |   11.655|
tc_base<9>     |tempc<29>      |   11.745|
tc_base<9>     |tempc<30>      |   11.434|
tc_base<9>     |tempc<31>      |   11.625|
tc_base<10>    |tempc<10>      |   10.547|
tc_base<10>    |tempc<11>      |   10.741|
tc_base<10>    |tempc<12>      |   11.034|
tc_base<10>    |tempc<13>      |   11.124|
tc_base<10>    |tempc<14>      |   10.726|
tc_base<10>    |tempc<15>      |   10.710|
tc_base<10>    |tempc<16>      |   10.521|
tc_base<10>    |tempc<17>      |   10.835|
tc_base<10>    |tempc<18>      |   10.834|
tc_base<10>    |tempc<19>      |   10.881|
tc_base<10>    |tempc<20>      |   10.879|
tc_base<10>    |tempc<21>      |   10.969|
tc_base<10>    |tempc<22>      |   10.868|
tc_base<10>    |tempc<23>      |   11.082|
tc_base<10>    |tempc<24>      |   11.239|
tc_base<10>    |tempc<25>      |   11.370|
tc_base<10>    |tempc<26>      |   11.198|
tc_base<10>    |tempc<27>      |   11.256|
tc_base<10>    |tempc<28>      |   11.397|
tc_base<10>    |tempc<29>      |   11.487|
tc_base<10>    |tempc<30>      |   11.176|
tc_base<10>    |tempc<31>      |   11.367|
tc_base<11>    |tempc<11>      |   10.906|
tc_base<11>    |tempc<12>      |   11.262|
tc_base<11>    |tempc<13>      |   11.352|
tc_base<11>    |tempc<14>      |   10.954|
tc_base<11>    |tempc<15>      |   10.938|
tc_base<11>    |tempc<16>      |   10.749|
tc_base<11>    |tempc<17>      |   11.063|
tc_base<11>    |tempc<18>      |   11.062|
tc_base<11>    |tempc<19>      |   11.109|
tc_base<11>    |tempc<20>      |   11.107|
tc_base<11>    |tempc<21>      |   11.197|
tc_base<11>    |tempc<22>      |   11.096|
tc_base<11>    |tempc<23>      |   11.310|
tc_base<11>    |tempc<24>      |   11.467|
tc_base<11>    |tempc<25>      |   11.598|
tc_base<11>    |tempc<26>      |   11.426|
tc_base<11>    |tempc<27>      |   11.484|
tc_base<11>    |tempc<28>      |   11.625|
tc_base<11>    |tempc<29>      |   11.715|
tc_base<11>    |tempc<30>      |   11.404|
tc_base<11>    |tempc<31>      |   11.595|
tc_base<12>    |tempc<12>      |   10.838|
tc_base<12>    |tempc<13>      |   11.065|
tc_base<12>    |tempc<14>      |   10.791|
tc_base<12>    |tempc<15>      |   10.763|
tc_base<12>    |tempc<16>      |   10.622|
tc_base<12>    |tempc<17>      |   10.936|
tc_base<12>    |tempc<18>      |   10.935|
tc_base<12>    |tempc<19>      |   10.982|
tc_base<12>    |tempc<20>      |   10.980|
tc_base<12>    |tempc<21>      |   11.070|
tc_base<12>    |tempc<22>      |   10.969|
tc_base<12>    |tempc<23>      |   11.183|
tc_base<12>    |tempc<24>      |   11.340|
tc_base<12>    |tempc<25>      |   11.471|
tc_base<12>    |tempc<26>      |   11.299|
tc_base<12>    |tempc<27>      |   11.357|
tc_base<12>    |tempc<28>      |   11.498|
tc_base<12>    |tempc<29>      |   11.588|
tc_base<12>    |tempc<30>      |   11.277|
tc_base<12>    |tempc<31>      |   11.468|
tc_base<13>    |tempc<13>      |   11.247|
tc_base<13>    |tempc<14>      |   11.030|
tc_base<13>    |tempc<15>      |   11.018|
tc_base<13>    |tempc<16>      |   10.864|
tc_base<13>    |tempc<17>      |   11.178|
tc_base<13>    |tempc<18>      |   11.177|
tc_base<13>    |tempc<19>      |   11.224|
tc_base<13>    |tempc<20>      |   11.222|
tc_base<13>    |tempc<21>      |   11.312|
tc_base<13>    |tempc<22>      |   11.211|
tc_base<13>    |tempc<23>      |   11.425|
tc_base<13>    |tempc<24>      |   11.582|
tc_base<13>    |tempc<25>      |   11.713|
tc_base<13>    |tempc<26>      |   11.541|
tc_base<13>    |tempc<27>      |   11.599|
tc_base<13>    |tempc<28>      |   11.740|
tc_base<13>    |tempc<29>      |   11.830|
tc_base<13>    |tempc<30>      |   11.519|
tc_base<13>    |tempc<31>      |   11.710|
tc_base<14>    |tempc<14>      |   10.674|
tc_base<14>    |tempc<15>      |   10.639|
tc_base<14>    |tempc<16>      |   10.518|
tc_base<14>    |tempc<17>      |   10.832|
tc_base<14>    |tempc<18>      |   10.831|
tc_base<14>    |tempc<19>      |   10.878|
tc_base<14>    |tempc<20>      |   10.876|
tc_base<14>    |tempc<21>      |   10.966|
tc_base<14>    |tempc<22>      |   10.865|
tc_base<14>    |tempc<23>      |   11.079|
tc_base<14>    |tempc<24>      |   11.236|
tc_base<14>    |tempc<25>      |   11.367|
tc_base<14>    |tempc<26>      |   11.195|
tc_base<14>    |tempc<27>      |   11.253|
tc_base<14>    |tempc<28>      |   11.394|
tc_base<14>    |tempc<29>      |   11.484|
tc_base<14>    |tempc<30>      |   11.173|
tc_base<14>    |tempc<31>      |   11.364|
tc_base<15>    |tempc<15>      |   10.849|
tc_base<15>    |tempc<16>      |   10.754|
tc_base<15>    |tempc<17>      |   11.068|
tc_base<15>    |tempc<18>      |   11.067|
tc_base<15>    |tempc<19>      |   11.114|
tc_base<15>    |tempc<20>      |   11.112|
tc_base<15>    |tempc<21>      |   11.202|
tc_base<15>    |tempc<22>      |   11.101|
tc_base<15>    |tempc<23>      |   11.315|
tc_base<15>    |tempc<24>      |   11.472|
tc_base<15>    |tempc<25>      |   11.603|
tc_base<15>    |tempc<26>      |   11.431|
tc_base<15>    |tempc<27>      |   11.489|
tc_base<15>    |tempc<28>      |   11.630|
tc_base<15>    |tempc<29>      |   11.720|
tc_base<15>    |tempc<30>      |   11.409|
tc_base<15>    |tempc<31>      |   11.600|
tc_base<16>    |tempc<16>      |   10.602|
tc_base<16>    |tempc<17>      |   10.895|
tc_base<16>    |tempc<18>      |   11.023|
tc_base<16>    |tempc<19>      |   11.058|
tc_base<16>    |tempc<20>      |   11.095|
tc_base<16>    |tempc<21>      |   11.185|
tc_base<16>    |tempc<22>      |   11.084|
tc_base<16>    |tempc<23>      |   11.298|
tc_base<16>    |tempc<24>      |   11.455|
tc_base<16>    |tempc<25>      |   11.586|
tc_base<16>    |tempc<26>      |   11.414|
tc_base<16>    |tempc<27>      |   11.472|
tc_base<16>    |tempc<28>      |   11.613|
tc_base<16>    |tempc<29>      |   11.703|
tc_base<16>    |tempc<30>      |   11.392|
tc_base<16>    |tempc<31>      |   11.583|
tc_base<17>    |tempc<17>      |   10.287|
tc_base<17>    |tempc<18>      |   10.467|
tc_base<17>    |tempc<19>      |   10.518|
tc_base<17>    |tempc<20>      |   10.551|
tc_base<17>    |tempc<21>      |   10.641|
tc_base<17>    |tempc<22>      |   10.540|
tc_base<17>    |tempc<23>      |   10.754|
tc_base<17>    |tempc<24>      |   10.911|
tc_base<17>    |tempc<25>      |   11.042|
tc_base<17>    |tempc<26>      |   10.870|
tc_base<17>    |tempc<27>      |   10.928|
tc_base<17>    |tempc<28>      |   11.069|
tc_base<17>    |tempc<29>      |   11.159|
tc_base<17>    |tempc<30>      |   10.848|
tc_base<17>    |tempc<31>      |   11.039|
tc_base<18>    |tempc<18>      |   10.944|
tc_base<18>    |tempc<19>      |   10.972|
tc_base<18>    |tempc<20>      |   11.038|
tc_base<18>    |tempc<21>      |   11.128|
tc_base<18>    |tempc<22>      |   11.027|
tc_base<18>    |tempc<23>      |   11.241|
tc_base<18>    |tempc<24>      |   11.398|
tc_base<18>    |tempc<25>      |   11.529|
tc_base<18>    |tempc<26>      |   11.357|
tc_base<18>    |tempc<27>      |   11.415|
tc_base<18>    |tempc<28>      |   11.556|
tc_base<18>    |tempc<29>      |   11.646|
tc_base<18>    |tempc<30>      |   11.335|
tc_base<18>    |tempc<31>      |   11.526|
tc_base<19>    |tempc<19>      |   11.262|
tc_base<19>    |tempc<20>      |   11.354|
tc_base<19>    |tempc<21>      |   11.444|
tc_base<19>    |tempc<22>      |   11.343|
tc_base<19>    |tempc<23>      |   11.557|
tc_base<19>    |tempc<24>      |   11.714|
tc_base<19>    |tempc<25>      |   11.845|
tc_base<19>    |tempc<26>      |   11.673|
tc_base<19>    |tempc<27>      |   11.731|
tc_base<19>    |tempc<28>      |   11.872|
tc_base<19>    |tempc<29>      |   11.962|
tc_base<19>    |tempc<30>      |   11.651|
tc_base<19>    |tempc<31>      |   11.842|
tc_base<20>    |tempc<20>      |   11.114|
tc_base<20>    |tempc<21>      |   11.183|
tc_base<20>    |tempc<22>      |   11.211|
tc_base<20>    |tempc<23>      |   11.413|
tc_base<20>    |tempc<24>      |   11.609|
tc_base<20>    |tempc<25>      |   11.740|
tc_base<20>    |tempc<26>      |   11.568|
tc_base<20>    |tempc<27>      |   11.626|
tc_base<20>    |tempc<28>      |   11.767|
tc_base<20>    |tempc<29>      |   11.857|
tc_base<20>    |tempc<30>      |   11.546|
tc_base<20>    |tempc<31>      |   11.737|
tc_base<21>    |tempc<21>      |   11.028|
tc_base<21>    |tempc<22>      |   11.108|
tc_base<21>    |tempc<23>      |   11.326|
tc_base<21>    |tempc<24>      |   11.518|
tc_base<21>    |tempc<25>      |   11.649|
tc_base<21>    |tempc<26>      |   11.477|
tc_base<21>    |tempc<27>      |   11.535|
tc_base<21>    |tempc<28>      |   11.676|
tc_base<21>    |tempc<29>      |   11.766|
tc_base<21>    |tempc<30>      |   11.455|
tc_base<21>    |tempc<31>      |   11.646|
tc_base<22>    |tempc<22>      |   11.298|
tc_base<22>    |tempc<23>      |   11.493|
tc_base<22>    |tempc<24>      |   11.718|
tc_base<22>    |tempc<25>      |   11.849|
tc_base<22>    |tempc<26>      |   11.677|
tc_base<22>    |tempc<27>      |   11.735|
tc_base<22>    |tempc<28>      |   11.876|
tc_base<22>    |tempc<29>      |   11.966|
tc_base<22>    |tempc<30>      |   11.655|
tc_base<22>    |tempc<31>      |   11.846|
tc_base<23>    |tempc<23>      |   11.179|
tc_base<23>    |tempc<24>      |   11.430|
tc_base<23>    |tempc<25>      |   11.561|
tc_base<23>    |tempc<26>      |   11.389|
tc_base<23>    |tempc<27>      |   11.447|
tc_base<23>    |tempc<28>      |   11.588|
tc_base<23>    |tempc<29>      |   11.678|
tc_base<23>    |tempc<30>      |   11.367|
tc_base<23>    |tempc<31>      |   11.558|
tc_base<24>    |tempc<24>      |   11.026|
tc_base<24>    |tempc<25>      |   11.136|
tc_base<24>    |tempc<26>      |   11.093|
tc_base<24>    |tempc<27>      |   11.139|
tc_base<24>    |tempc<28>      |   11.319|
tc_base<24>    |tempc<29>      |   11.409|
tc_base<24>    |tempc<30>      |   11.098|
tc_base<24>    |tempc<31>      |   11.289|
tc_base<25>    |tempc<25>      |   11.332|
tc_base<25>    |tempc<26>      |   11.341|
tc_base<25>    |tempc<27>      |   11.403|
tc_base<25>    |tempc<28>      |   11.579|
tc_base<25>    |tempc<29>      |   11.669|
tc_base<25>    |tempc<30>      |   11.358|
tc_base<25>    |tempc<31>      |   11.549|
tc_base<26>    |tempc<26>      |   11.265|
tc_base<26>    |tempc<27>      |   11.304|
tc_base<26>    |tempc<28>      |   11.513|
tc_base<26>    |tempc<29>      |   11.603|
tc_base<26>    |tempc<30>      |   11.292|
tc_base<26>    |tempc<31>      |   11.483|
tc_base<27>    |tempc<27>      |   11.051|
tc_base<27>    |tempc<28>      |   11.286|
tc_base<27>    |tempc<29>      |   11.376|
tc_base<27>    |tempc<30>      |   11.065|
tc_base<27>    |tempc<31>      |   11.256|
tc_base<28>    |tempc<28>      |   10.848|
tc_base<28>    |tempc<29>      |   10.917|
tc_base<28>    |tempc<30>      |   10.735|
tc_base<28>    |tempc<31>      |   10.914|
tc_base<29>    |tempc<29>      |   10.775|
tc_base<29>    |tempc<30>      |   10.645|
tc_base<29>    |tempc<31>      |   10.840|
tc_base<30>    |tempc<30>      |   10.723|
tc_base<30>    |tempc<31>      |   10.895|
tc_base<31>    |tempc<31>      |   10.376|
tc_ref<0>      |tempc<0>       |   19.322|
tc_ref<0>      |tempc<1>       |   20.481|
tc_ref<0>      |tempc<2>       |   20.749|
tc_ref<0>      |tempc<3>       |   20.642|
tc_ref<0>      |tempc<4>       |   20.634|
tc_ref<0>      |tempc<5>       |   20.724|
tc_ref<0>      |tempc<6>       |   20.925|
tc_ref<0>      |tempc<7>       |   20.954|
tc_ref<0>      |tempc<8>       |   21.030|
tc_ref<0>      |tempc<9>       |   21.150|
tc_ref<0>      |tempc<10>      |   21.038|
tc_ref<0>      |tempc<11>      |   21.083|
tc_ref<0>      |tempc<12>      |   21.380|
tc_ref<0>      |tempc<13>      |   21.470|
tc_ref<0>      |tempc<14>      |   21.072|
tc_ref<0>      |tempc<15>      |   21.056|
tc_ref<0>      |tempc<16>      |   20.867|
tc_ref<0>      |tempc<17>      |   21.181|
tc_ref<0>      |tempc<18>      |   21.180|
tc_ref<0>      |tempc<19>      |   21.227|
tc_ref<0>      |tempc<20>      |   21.225|
tc_ref<0>      |tempc<21>      |   21.315|
tc_ref<0>      |tempc<22>      |   21.214|
tc_ref<0>      |tempc<23>      |   21.428|
tc_ref<0>      |tempc<24>      |   21.585|
tc_ref<0>      |tempc<25>      |   21.716|
tc_ref<0>      |tempc<26>      |   21.544|
tc_ref<0>      |tempc<27>      |   21.602|
tc_ref<0>      |tempc<28>      |   21.743|
tc_ref<0>      |tempc<29>      |   21.833|
tc_ref<0>      |tempc<30>      |   21.522|
tc_ref<0>      |tempc<31>      |   21.713|
tc_ref<1>      |tempc<0>       |   18.984|
tc_ref<1>      |tempc<1>       |   20.143|
tc_ref<1>      |tempc<2>       |   20.411|
tc_ref<1>      |tempc<3>       |   20.304|
tc_ref<1>      |tempc<4>       |   20.296|
tc_ref<1>      |tempc<5>       |   20.386|
tc_ref<1>      |tempc<6>       |   20.587|
tc_ref<1>      |tempc<7>       |   20.616|
tc_ref<1>      |tempc<8>       |   20.692|
tc_ref<1>      |tempc<9>       |   20.812|
tc_ref<1>      |tempc<10>      |   20.700|
tc_ref<1>      |tempc<11>      |   20.745|
tc_ref<1>      |tempc<12>      |   21.042|
tc_ref<1>      |tempc<13>      |   21.132|
tc_ref<1>      |tempc<14>      |   20.734|
tc_ref<1>      |tempc<15>      |   20.718|
tc_ref<1>      |tempc<16>      |   20.529|
tc_ref<1>      |tempc<17>      |   20.843|
tc_ref<1>      |tempc<18>      |   20.842|
tc_ref<1>      |tempc<19>      |   20.889|
tc_ref<1>      |tempc<20>      |   20.887|
tc_ref<1>      |tempc<21>      |   20.977|
tc_ref<1>      |tempc<22>      |   20.876|
tc_ref<1>      |tempc<23>      |   21.090|
tc_ref<1>      |tempc<24>      |   21.247|
tc_ref<1>      |tempc<25>      |   21.378|
tc_ref<1>      |tempc<26>      |   21.206|
tc_ref<1>      |tempc<27>      |   21.264|
tc_ref<1>      |tempc<28>      |   21.405|
tc_ref<1>      |tempc<29>      |   21.495|
tc_ref<1>      |tempc<30>      |   21.184|
tc_ref<1>      |tempc<31>      |   21.375|
tc_ref<2>      |tempc<0>       |   19.310|
tc_ref<2>      |tempc<1>       |   20.469|
tc_ref<2>      |tempc<2>       |   20.737|
tc_ref<2>      |tempc<3>       |   20.630|
tc_ref<2>      |tempc<4>       |   20.622|
tc_ref<2>      |tempc<5>       |   20.712|
tc_ref<2>      |tempc<6>       |   20.913|
tc_ref<2>      |tempc<7>       |   20.942|
tc_ref<2>      |tempc<8>       |   21.018|
tc_ref<2>      |tempc<9>       |   21.138|
tc_ref<2>      |tempc<10>      |   21.026|
tc_ref<2>      |tempc<11>      |   21.071|
tc_ref<2>      |tempc<12>      |   21.368|
tc_ref<2>      |tempc<13>      |   21.458|
tc_ref<2>      |tempc<14>      |   21.060|
tc_ref<2>      |tempc<15>      |   21.044|
tc_ref<2>      |tempc<16>      |   20.855|
tc_ref<2>      |tempc<17>      |   21.169|
tc_ref<2>      |tempc<18>      |   21.168|
tc_ref<2>      |tempc<19>      |   21.215|
tc_ref<2>      |tempc<20>      |   21.213|
tc_ref<2>      |tempc<21>      |   21.303|
tc_ref<2>      |tempc<22>      |   21.202|
tc_ref<2>      |tempc<23>      |   21.416|
tc_ref<2>      |tempc<24>      |   21.573|
tc_ref<2>      |tempc<25>      |   21.704|
tc_ref<2>      |tempc<26>      |   21.532|
tc_ref<2>      |tempc<27>      |   21.590|
tc_ref<2>      |tempc<28>      |   21.731|
tc_ref<2>      |tempc<29>      |   21.821|
tc_ref<2>      |tempc<30>      |   21.510|
tc_ref<2>      |tempc<31>      |   21.701|
tc_ref<3>      |tempc<0>       |   18.927|
tc_ref<3>      |tempc<1>       |   20.086|
tc_ref<3>      |tempc<2>       |   20.354|
tc_ref<3>      |tempc<3>       |   20.247|
tc_ref<3>      |tempc<4>       |   20.239|
tc_ref<3>      |tempc<5>       |   20.329|
tc_ref<3>      |tempc<6>       |   20.530|
tc_ref<3>      |tempc<7>       |   20.559|
tc_ref<3>      |tempc<8>       |   20.635|
tc_ref<3>      |tempc<9>       |   20.755|
tc_ref<3>      |tempc<10>      |   20.643|
tc_ref<3>      |tempc<11>      |   20.688|
tc_ref<3>      |tempc<12>      |   20.985|
tc_ref<3>      |tempc<13>      |   21.075|
tc_ref<3>      |tempc<14>      |   20.677|
tc_ref<3>      |tempc<15>      |   20.661|
tc_ref<3>      |tempc<16>      |   20.472|
tc_ref<3>      |tempc<17>      |   20.786|
tc_ref<3>      |tempc<18>      |   20.785|
tc_ref<3>      |tempc<19>      |   20.832|
tc_ref<3>      |tempc<20>      |   20.830|
tc_ref<3>      |tempc<21>      |   20.920|
tc_ref<3>      |tempc<22>      |   20.819|
tc_ref<3>      |tempc<23>      |   21.033|
tc_ref<3>      |tempc<24>      |   21.190|
tc_ref<3>      |tempc<25>      |   21.321|
tc_ref<3>      |tempc<26>      |   21.149|
tc_ref<3>      |tempc<27>      |   21.207|
tc_ref<3>      |tempc<28>      |   21.348|
tc_ref<3>      |tempc<29>      |   21.438|
tc_ref<3>      |tempc<30>      |   21.127|
tc_ref<3>      |tempc<31>      |   21.318|
tc_ref<4>      |tempc<0>       |   18.343|
tc_ref<4>      |tempc<1>       |   19.502|
tc_ref<4>      |tempc<2>       |   19.770|
tc_ref<4>      |tempc<3>       |   19.663|
tc_ref<4>      |tempc<4>       |   19.655|
tc_ref<4>      |tempc<5>       |   19.745|
tc_ref<4>      |tempc<6>       |   19.946|
tc_ref<4>      |tempc<7>       |   19.975|
tc_ref<4>      |tempc<8>       |   20.051|
tc_ref<4>      |tempc<9>       |   20.171|
tc_ref<4>      |tempc<10>      |   20.059|
tc_ref<4>      |tempc<11>      |   20.104|
tc_ref<4>      |tempc<12>      |   20.401|
tc_ref<4>      |tempc<13>      |   20.491|
tc_ref<4>      |tempc<14>      |   20.093|
tc_ref<4>      |tempc<15>      |   20.077|
tc_ref<4>      |tempc<16>      |   19.888|
tc_ref<4>      |tempc<17>      |   20.202|
tc_ref<4>      |tempc<18>      |   20.201|
tc_ref<4>      |tempc<19>      |   20.248|
tc_ref<4>      |tempc<20>      |   20.246|
tc_ref<4>      |tempc<21>      |   20.336|
tc_ref<4>      |tempc<22>      |   20.235|
tc_ref<4>      |tempc<23>      |   20.449|
tc_ref<4>      |tempc<24>      |   20.606|
tc_ref<4>      |tempc<25>      |   20.737|
tc_ref<4>      |tempc<26>      |   20.565|
tc_ref<4>      |tempc<27>      |   20.623|
tc_ref<4>      |tempc<28>      |   20.764|
tc_ref<4>      |tempc<29>      |   20.854|
tc_ref<4>      |tempc<30>      |   20.543|
tc_ref<4>      |tempc<31>      |   20.734|
tc_ref<5>      |tempc<0>       |   18.173|
tc_ref<5>      |tempc<1>       |   19.332|
tc_ref<5>      |tempc<2>       |   19.600|
tc_ref<5>      |tempc<3>       |   19.493|
tc_ref<5>      |tempc<4>       |   19.485|
tc_ref<5>      |tempc<5>       |   19.575|
tc_ref<5>      |tempc<6>       |   19.776|
tc_ref<5>      |tempc<7>       |   19.805|
tc_ref<5>      |tempc<8>       |   19.881|
tc_ref<5>      |tempc<9>       |   20.001|
tc_ref<5>      |tempc<10>      |   19.889|
tc_ref<5>      |tempc<11>      |   19.934|
tc_ref<5>      |tempc<12>      |   20.231|
tc_ref<5>      |tempc<13>      |   20.321|
tc_ref<5>      |tempc<14>      |   19.923|
tc_ref<5>      |tempc<15>      |   19.907|
tc_ref<5>      |tempc<16>      |   19.718|
tc_ref<5>      |tempc<17>      |   20.032|
tc_ref<5>      |tempc<18>      |   20.031|
tc_ref<5>      |tempc<19>      |   20.078|
tc_ref<5>      |tempc<20>      |   20.076|
tc_ref<5>      |tempc<21>      |   20.166|
tc_ref<5>      |tempc<22>      |   20.065|
tc_ref<5>      |tempc<23>      |   20.279|
tc_ref<5>      |tempc<24>      |   20.436|
tc_ref<5>      |tempc<25>      |   20.567|
tc_ref<5>      |tempc<26>      |   20.395|
tc_ref<5>      |tempc<27>      |   20.453|
tc_ref<5>      |tempc<28>      |   20.594|
tc_ref<5>      |tempc<29>      |   20.684|
tc_ref<5>      |tempc<30>      |   20.373|
tc_ref<5>      |tempc<31>      |   20.564|
tc_ref<6>      |tempc<0>       |   18.176|
tc_ref<6>      |tempc<1>       |   19.335|
tc_ref<6>      |tempc<2>       |   19.603|
tc_ref<6>      |tempc<3>       |   19.496|
tc_ref<6>      |tempc<4>       |   19.488|
tc_ref<6>      |tempc<5>       |   19.578|
tc_ref<6>      |tempc<6>       |   19.779|
tc_ref<6>      |tempc<7>       |   19.808|
tc_ref<6>      |tempc<8>       |   19.884|
tc_ref<6>      |tempc<9>       |   20.004|
tc_ref<6>      |tempc<10>      |   19.892|
tc_ref<6>      |tempc<11>      |   19.937|
tc_ref<6>      |tempc<12>      |   20.234|
tc_ref<6>      |tempc<13>      |   20.324|
tc_ref<6>      |tempc<14>      |   19.926|
tc_ref<6>      |tempc<15>      |   19.910|
tc_ref<6>      |tempc<16>      |   19.721|
tc_ref<6>      |tempc<17>      |   20.035|
tc_ref<6>      |tempc<18>      |   20.034|
tc_ref<6>      |tempc<19>      |   20.081|
tc_ref<6>      |tempc<20>      |   20.079|
tc_ref<6>      |tempc<21>      |   20.169|
tc_ref<6>      |tempc<22>      |   20.068|
tc_ref<6>      |tempc<23>      |   20.282|
tc_ref<6>      |tempc<24>      |   20.439|
tc_ref<6>      |tempc<25>      |   20.570|
tc_ref<6>      |tempc<26>      |   20.398|
tc_ref<6>      |tempc<27>      |   20.456|
tc_ref<6>      |tempc<28>      |   20.597|
tc_ref<6>      |tempc<29>      |   20.687|
tc_ref<6>      |tempc<30>      |   20.376|
tc_ref<6>      |tempc<31>      |   20.567|
tc_ref<7>      |tempc<0>       |   17.986|
tc_ref<7>      |tempc<1>       |   19.145|
tc_ref<7>      |tempc<2>       |   19.413|
tc_ref<7>      |tempc<3>       |   19.306|
tc_ref<7>      |tempc<4>       |   19.298|
tc_ref<7>      |tempc<5>       |   19.388|
tc_ref<7>      |tempc<6>       |   19.589|
tc_ref<7>      |tempc<7>       |   19.618|
tc_ref<7>      |tempc<8>       |   19.694|
tc_ref<7>      |tempc<9>       |   19.814|
tc_ref<7>      |tempc<10>      |   19.702|
tc_ref<7>      |tempc<11>      |   19.747|
tc_ref<7>      |tempc<12>      |   20.044|
tc_ref<7>      |tempc<13>      |   20.134|
tc_ref<7>      |tempc<14>      |   19.736|
tc_ref<7>      |tempc<15>      |   19.720|
tc_ref<7>      |tempc<16>      |   19.531|
tc_ref<7>      |tempc<17>      |   19.845|
tc_ref<7>      |tempc<18>      |   19.844|
tc_ref<7>      |tempc<19>      |   19.891|
tc_ref<7>      |tempc<20>      |   19.889|
tc_ref<7>      |tempc<21>      |   19.979|
tc_ref<7>      |tempc<22>      |   19.878|
tc_ref<7>      |tempc<23>      |   20.092|
tc_ref<7>      |tempc<24>      |   20.249|
tc_ref<7>      |tempc<25>      |   20.380|
tc_ref<7>      |tempc<26>      |   20.208|
tc_ref<7>      |tempc<27>      |   20.266|
tc_ref<7>      |tempc<28>      |   20.407|
tc_ref<7>      |tempc<29>      |   20.497|
tc_ref<7>      |tempc<30>      |   20.186|
tc_ref<7>      |tempc<31>      |   20.377|
---------------+---------------+---------+


Analysis completed Sat Feb 06 15:47:58 2021 
--------------------------------------------------------------------------------

Trace Settings:
-------------------------
Trace Settings 

Peak Memory Usage: 4553 MB



